// Jest Snapshot v1, https://goo.gl/fbAQLP

exports[`Quotation basket tests should render without crash 1`] = `ShallowWrapper {}`;
