// Jest Snapshot v1, https://goo.gl/fbAQLP

exports[`Quotation item tests should render without crash 1`] = `ShallowWrapper {}`;
