// Jest Snapshot v1, https://goo.gl/fbAQLP

exports[`App tests should render without crash 1`] = `ShallowWrapper {}`;
