// Jest Snapshot v1, https://goo.gl/fbAQLP

exports[`Quotation tests should render without crash 1`] = `ShallowWrapper {}`;
